{'timestamp': 0, 'verb': u'goto', 'event': u'FFWD', 'args': (u'#t=60.000000', u'(underlyingClock=0.000000)')}
{'timestamp': 0, 'verb': u'init', 'event': u'RUN', 'args': ()}
{'timestamp': 0, 'verb': u'start', 'event': u'RUN', 'args': ()}
{'timestamp': 58.0, 'verb': u'reached', 'event': u'FFWD', 'args': (u'#t=58.000000', u'(underlyingClock=58.000000)')}
{'timestamp': 60.0, 'verb': u'nudge', 'event': u'FFWD', 'args': (u'#t=60.000000', u'(underlyingClock=58.000000)')}
{'timestamp': 60.0, 'verb': u'reposition', 'event': u'FFWD', 'args': (u'delta-t=-60.000000', u'(underlyingClock=0.000000)')}
{'timestamp': 60.0, 'verb': u'START', 'event': u'>', 'args': (u'/document/par/seq/par[16]/ref', {'url': '/dmapp-components/image/image.html', 'class': 'image'}, {'mediaUrl': '../media/trailer-images/img16.png'})}
{'timestamp': 60.0, 'verb': u'done', 'event': u'FFWD', 'args': (u'(underlyingClock=0.000000)',)}
{'timestamp': 60.0, 'verb': u'finished', 'event': u'<', 'args': (u'/document/par/seq/par[16]/ref',)}
{'timestamp': 61.0, 'verb': u'STOP', 'event': u'>', 'args': (u'/document/par/seq/par[16]/ref',)}
{'timestamp': 61.0, 'verb': u'START', 'event': u'>', 'args': (u'/document/par/seq/par[17]/ref', {'url': '/dmapp-components/image/image.html', 'class': 'image'}, {'mediaUrl': '../media/trailer-images/img17.png'})}
{'timestamp': 61.0, 'verb': u'finished', 'event': u'<', 'args': (u'/document/par/seq/par[17]/ref',)}
{'timestamp': 67.0, 'verb': u'STOP', 'event': u'>', 'args': (u'/document/par/seq/par[17]/ref',)}
{'timestamp': 67.0, 'verb': u'START', 'event': u'>', 'args': (u'/document/par/seq/par[18]/ref', {'url': '/dmapp-components/image/image.html', 'class': 'image'}, {'mediaUrl': '../media/trailer-images/img18.png'})}
{'timestamp': 67.0, 'verb': u'finished', 'event': u'<', 'args': (u'/document/par/seq/par[18]/ref',)}
{'timestamp': 71.0, 'verb': u'STOP', 'event': u'>', 'args': (u'/document/par/seq/par[18]/ref',)}
{'timestamp': 71.0, 'verb': u'START', 'event': u'>', 'args': (u'/document/par/seq/par[19]/ref', {'url': '/dmapp-components/image/image.html', 'class': 'image'}, {'mediaUrl': '../media/trailer-images/img19.png'})}
{'timestamp': 71.0, 'verb': u'finished', 'event': u'<', 'args': (u'/document/par/seq/par[19]/ref',)}
{'timestamp': 74.0, 'verb': u'STOP', 'event': u'>', 'args': (u'/document/par/seq/par[19]/ref',)}
{'timestamp': 74.0, 'verb': u'START', 'event': u'>', 'args': (u'/document/par/seq/par[20]/ref', {'url': '/dmapp-components/image/image.html', 'class': 'image'}, {'mediaUrl': '../media/trailer-images/img20.png'})}
{'timestamp': 74.0, 'verb': u'finished', 'event': u'<', 'args': (u'/document/par/seq/par[20]/ref',)}
{'timestamp': 77.0, 'verb': u'STOP', 'event': u'>', 'args': (u'/document/par/seq/par[20]/ref',)}
{'timestamp': 77.0, 'verb': u'START', 'event': u'>', 'args': (u'/document/par/seq/par[21]/ref', {'url': '/dmapp-components/image/image.html', 'class': 'image'}, {'mediaUrl': '../media/trailer-images/img21.png'})}
{'timestamp': 77.0, 'verb': u'finished', 'event': u'<', 'args': (u'/document/par/seq/par[21]/ref',)}
{'timestamp': 81.0, 'verb': u'STOP', 'event': u'>', 'args': (u'/document/par/seq/par[21]/ref',)}
{'timestamp': 81.0, 'verb': u'START', 'event': u'>', 'args': (u'/document/par/seq/par[22]/ref', {'url': '/dmapp-components/image/image.html', 'class': 'image'}, {'mediaUrl': '../media/trailer-images/img22.png'})}
{'timestamp': 81.0, 'verb': u'finished', 'event': u'<', 'args': (u'/document/par/seq/par[22]/ref',)}
{'timestamp': 82.0, 'verb': u'STOP', 'event': u'>', 'args': (u'/document/par/seq/par[22]/ref',)}
{'timestamp': 83.0, 'verb': u'stop', 'event': u'RUN', 'args': ()}
{'timestamp': 83.0, 'verb': u'done', 'event': u'RUN', 'args': ()}
