{'timestamp': 0, 'verb': 'goto', 'event': 'FFWD', 'args': '#t=60.000000 (underlyingClock=0.000000)'}
{'timestamp': 0, 'verb': 'init', 'event': 'RUN', 'args': ''}
{'timestamp': 0, 'verb': 'start', 'event': 'RUN', 'args': ''}
{'timestamp': 58.0, 'verb': 'reached', 'event': 'FFWD', 'args': '#t=58.000000 (underlyingClock=58.000000)'}
{'timestamp': 60.0, 'verb': 'nudge', 'event': 'FFWD', 'args': '#t=60.000000 (underlyingClock=58.000000)'}
{'timestamp': 60.0, 'verb': 'reposition', 'event': 'FFWD', 'args': 'delta-t=-60.000000 (underlyingClock=0.000000)'}
{'timestamp': 60.0, 'verb': 'START', 'event': '>', 'args': "/document/par/ref {'class': 'video'} {'syncMode': 'master', 'mediaUrl': '../../../media/rsc/hamlet/videos/hamlet-trailer.mp4'}"}
{'timestamp': 60.0, 'verb': 'START', 'event': '>', 'args': "/document/par/ref[2] {'url': '/dmapp-components/scroll-text/scroll-text.html', 'class': 'scroll-text'} {'scriptUrl': '../media/trailer-description.json'}"}
{'timestamp': 60.0, 'verb': 'START', 'event': '>', 'args': "/document/par/seq/par[16]/ref {'url': '/dmapp-components/image/image.html', 'class': 'image'} {'mediaUrl': '../media/trailer-images/img16.png'}"}
{'timestamp': 60.0, 'verb': 'done', 'event': 'FFWD', 'args': '(underlyingClock=0.000000)'}
{'timestamp': 60.0, 'verb': 'finished', 'event': '<', 'args': '/document/par/seq/par[16]/ref'}
{'timestamp': 61.0, 'verb': 'STOP', 'event': '>', 'args': '/document/par/seq/par[16]/ref'}
{'timestamp': 61.0, 'verb': 'START', 'event': '>', 'args': "/document/par/seq/par[17]/ref {'url': '/dmapp-components/image/image.html', 'class': 'image'} {'mediaUrl': '../media/trailer-images/img17.png'}"}
{'timestamp': 61.0, 'verb': 'finished', 'event': '<', 'args': '/document/par/seq/par[17]/ref'}
{'timestamp': 67.0, 'verb': 'STOP', 'event': '>', 'args': '/document/par/seq/par[17]/ref'}
{'timestamp': 67.0, 'verb': 'START', 'event': '>', 'args': "/document/par/seq/par[18]/ref {'url': '/dmapp-components/image/image.html', 'class': 'image'} {'mediaUrl': '../media/trailer-images/img18.png'}"}
{'timestamp': 67.0, 'verb': 'finished', 'event': '<', 'args': '/document/par/seq/par[18]/ref'}
{'timestamp': 71.0, 'verb': 'STOP', 'event': '>', 'args': '/document/par/seq/par[18]/ref'}
{'timestamp': 71.0, 'verb': 'START', 'event': '>', 'args': "/document/par/seq/par[19]/ref {'url': '/dmapp-components/image/image.html', 'class': 'image'} {'mediaUrl': '../media/trailer-images/img19.png'}"}
{'timestamp': 71.0, 'verb': 'finished', 'event': '<', 'args': '/document/par/seq/par[19]/ref'}
{'timestamp': 74.0, 'verb': 'STOP', 'event': '>', 'args': '/document/par/seq/par[19]/ref'}
{'timestamp': 74.0, 'verb': 'START', 'event': '>', 'args': "/document/par/seq/par[20]/ref {'url': '/dmapp-components/image/image.html', 'class': 'image'} {'mediaUrl': '../media/trailer-images/img20.png'}"}
{'timestamp': 74.0, 'verb': 'finished', 'event': '<', 'args': '/document/par/seq/par[20]/ref'}
{'timestamp': 77.0, 'verb': 'STOP', 'event': '>', 'args': '/document/par/seq/par[20]/ref'}
{'timestamp': 77.0, 'verb': 'START', 'event': '>', 'args': "/document/par/seq/par[21]/ref {'url': '/dmapp-components/image/image.html', 'class': 'image'} {'mediaUrl': '../media/trailer-images/img21.png'}"}
{'timestamp': 77.0, 'verb': 'finished', 'event': '<', 'args': '/document/par/seq/par[21]/ref'}
{'timestamp': 81.0, 'verb': 'finished', 'event': '<', 'args': '/document/par/ref'}
{'timestamp': 81.0, 'verb': 'finished', 'event': '<', 'args': '/document/par/ref'}
{'timestamp': 81.0, 'verb': 'finished', 'event': '<', 'args': '/document/par/ref[2]'}
{'timestamp': 81.0, 'verb': 'STOP', 'event': '>', 'args': '/document/par/seq/par[21]/ref'}
{'timestamp': 81.0, 'verb': 'START', 'event': '>', 'args': "/document/par/seq/par[22]/ref {'url': '/dmapp-components/image/image.html', 'class': 'image'} {'mediaUrl': '../media/trailer-images/img22.png'}"}
{'timestamp': 81.0, 'verb': 'finished', 'event': '<', 'args': '/document/par/seq/par[22]/ref'}
{'timestamp': 82.0, 'verb': 'STOP', 'event': '>', 'args': '/document/par/seq/par[22]/ref'}
{'timestamp': 83.0, 'verb': 'STOP', 'event': '>', 'args': '/document/par/ref'}
{'timestamp': 83.0, 'verb': 'STOP', 'event': '>', 'args': '/document/par/ref[2]'}
{'timestamp': 83.0, 'verb': 'stop', 'event': 'RUN', 'args': ''}
{'timestamp': 83.0, 'verb': 'done', 'event': 'RUN', 'args': ''}
