{'timestamp': 0, 'verb': u'goto', 'event': u'FFWD', 'args': (u'#t=60.000000', u'(underlyingClock=0.000000)')}
{'timestamp': 0, 'verb': u'init', 'event': u'RUN', 'args': ()}
{'timestamp': 0, 'verb': u'start', 'event': u'RUN', 'args': ()}
{'timestamp': 55.0, 'verb': u'reached', 'event': u'FFWD', 'args': (u'#t=55.000000', u'(underlyingClock=55.000000)')}
{'timestamp': 60.0, 'verb': u'nudge', 'event': u'FFWD', 'args': (u'#t=60.000000', u'(underlyingClock=55.000000)')}
{'timestamp': 60.0, 'verb': u'reposition', 'event': u'FFWD', 'args': (u'delta-t=-60.000000', u'(underlyingClock=0.000000)')}
{'timestamp': 60.0, 'verb': u'START', 'event': u'>', 'args': (u'/document/par/ref', {'class': 'video'}, {'syncMode': 'master', 'mediaUrl': '../../../media/rsc/hamlet/videos/hamlet-trailer.mp4'})}
{'timestamp': 60.0, 'verb': u'START', 'event': u'>', 'args': (u'/document/par/ref[2]', {'url': '/dmapp-components/post-timeline-event-button/post-timeline-event-button.html', 'class': 'PostTimelineEventButtonComponent'}, {'eventId': 'start_button_press', 'text': 'Press This Button'})}
{'timestamp': 60.0, 'verb': u'START', 'event': u'>', 'args': (u'/document/par/repeat/seq/par/ref', {'url': '/dmapp-components/image/image.html', 'class': 'image'}, {'mediaUrl': '../media/switch-image.png'})}
{'timestamp': 60.0, 'verb': u'done', 'event': u'FFWD', 'args': (u'(underlyingClock=0.000000)',)}
{'timestamp': 60.0, 'verb': u'finished', 'event': u'<', 'args': (u'/document/par/repeat/seq/par/ref',)}
{'timestamp': 60.0, 'verb': u'finished', 'event': u'<', 'args': (u'/document/par/ref[2]',)}
{'timestamp': 60.0, 'verb': u'STOP', 'event': u'>', 'args': (u'/document/par/repeat/seq/par/ref',)}
{'timestamp': 81.0, 'verb': u'finished', 'event': u'<', 'args': (u'/document/par/ref',)}
{'timestamp': 81.0, 'verb': u'finished', 'event': u'<', 'args': (u'/document/par/ref',)}
{'timestamp': 81.0, 'verb': u'STOP', 'event': u'>', 'args': (u'/document/par/ref',)}
{'timestamp': 81.0, 'verb': u'STOP', 'event': u'>', 'args': (u'/document/par/ref[2]',)}
{'timestamp': 81.0, 'verb': u'STOP', 'event': u'>', 'args': (u'/document/par/repeat/seq/par/ref',)}
{'timestamp': 81.0, 'verb': u'stop', 'event': u'RUN', 'args': ()}
{'timestamp': 81.0, 'verb': u'done', 'event': u'RUN', 'args': ()}
