<?xml version='1.0' encoding='utf8'?>
<tl:document xmlns:tic="http://jackjansen.nl/2immerse/component" xmlns:tim="http://jackjansen.nl/2immerse" xmlns:tl="http://jackjansen.nl/timelines" xmlns:tlcheck="http://jackjansen.nl/timelines/check" xmlns:tls="http://jackjansen.nl/timelines/internal" title="Test a single MP4 video" tls:slavedProgress="175.0">

  <tl:par tls:slavedProgress="175.0">


      <tl:ref title="main video" tic:mediaUrl="../../../media/rsc/hamlet/videos/hamlet-trailer.mp4" tic:syncMode="master" tim:class="video" tim:constraintId="overlayTL" tlcheck:dur="81" xml:id="main_video" />

      <tl:ref title="description of the video" tic:scriptUrl="../media/trailer-description.json" tim:class="scroll-text" tim:constraintId="stage" tim:url="/dmapp-components/scroll-text/scroll-text.html" tlcheck:dur="81" xml:id="description" />
      <tl:seq>
        <tl:sleep tl:dur="5" />
        <tim:update tim:constraintId="overlayTR" tim:target="main_video" />
        <tl:sleep tl:dur="5" />
        <tim:update tim:constraintId="overlayBL" tim:target="main_video" />
        <tl:sleep tl:dur="5" />
        <tim:update tim:constraintId="overlayBR" tim:target="main_video" />
        <tl:sleep tl:dur="5" />
        <tim:update tim:constraintId="overlayTL" tim:target="main_video" />
        <tl:sleep tl:dur="5" />
        <tim:update tim:constraintId="overlayTR" tim:target="main_video" />
        <tl:sleep tl:dur="5" />
        <tim:update tim:constraintId="overlayBL" tim:target="main_video" />
        <tl:sleep tl:dur="5" />
        <tim:update tim:constraintId="overlayBR" tim:target="main_video" />
        <tl:sleep tl:dur="5" />
        <tim:update tim:constraintId="overlayTL" tim:target="main_video" />
        <tl:sleep tl:dur="5" />
        <tim:update tim:constraintId="overlayTR" tim:target="main_video" />
        <tl:sleep tl:dur="5" />
        <tim:update tim:constraintId="overlayBL" tim:target="main_video" />
        <tl:sleep tl:dur="5" />
        <tim:update tim:constraintId="overlayBR" tim:target="main_video" />
        <tl:sleep tl:dur="5" />
        <tim:update tim:constraintId="overlayTL" tim:target="main_video" />
      </tl:seq>

  </tl:par>

</tl:document>