<?xml version='1.0' encoding='utf8'?>
<tl:document xmlns:tic="http://jackjansen.nl/2immerse/component" xmlns:tim="http://jackjansen.nl/2immerse" xmlns:tl="http://jackjansen.nl/timelines" xmlns:tls="http://jackjansen.nl/timelines/internal" title="Hello World document, similar to previously hardcoded timelineServer example" tls:slavedProgress="42.345">
    <tl:par tls:slavedProgress="42.345" tl:end="master">
        <tl:ref tic:mediaUrl="../media/bunny.mp4" tic:syncMode="master" tim:class="video" xml:id="masterVideo" />
    </tl:par>
</tl:document>