<?xml version='1.0' encoding='utf8'?>
<tl:document xmlns:tic="http://jackjansen.nl/2immerse/component" xmlns:tim="http://jackjansen.nl/2immerse" xmlns:tl="http://jackjansen.nl/timelines" xmlns:tlcheck="http://jackjansen.nl/timelines/check" xmlns:tls="http://jackjansen.nl/timelines/internal" title="Test a single MP4 video" tls:slavedProgress="83.0">

  <tl:par tls:slavedProgress="83.0">

      <tl:ref title="main video" tic:mediaUrl="../../../media/rsc/hamlet/videos/hamlet-trailer-rotgrid.mp4" tic:preserveMediaTime="true" tic:syncMode="master" tim:class="video" tlcheck:dur="81" xml:id="main_video" />

    <tl:seq>
        <tl:par tl:end="master">
            <tl:sleep tl:dur="6" tl:prio="high" />
        </tl:par>
        
        <tl:par tl:end="master">
            <tl:sleep tl:dur="4" tl:prio="high" />
            <tim:update tic:mediaUrl="../../../media/rsc/hamlet/videos/hamlet-trailer.mp4" tim:target="main_video" />
        </tl:par>
        
        <tl:par tl:end="master">
            <tl:sleep tl:dur="3" tl:prio="high" />
            <tim:update tic:mediaUrl="../../../media/rsc/hamlet/videos/hamlet-trailer-rotgrid.mp4" tim:target="main_video" />
        </tl:par>
        
        <tl:par tl:end="master">
            <tl:sleep tl:dur="3" tl:prio="high" />
            <tim:update tic:mediaUrl="../../../media/rsc/hamlet/videos/hamlet-trailer.mp4" tim:target="main_video" />
        </tl:par>
        
        <tl:par tl:end="master">
            <tl:sleep tl:dur="6" tl:prio="high" />
            <tim:update tic:mediaUrl="../../../media/rsc/hamlet/videos/hamlet-trailer-rotgrid.mp4" tim:target="main_video" />
        </tl:par>
        
        <tl:par tl:end="master">
            <tl:sleep tl:dur="3" tl:prio="high" />
            <tim:update tic:mediaUrl="../../../media/rsc/hamlet/videos/hamlet-trailer.mp4" tim:target="main_video" />
        </tl:par>
        
        <tl:par tl:end="master">
            <tl:sleep tl:dur="5" tl:prio="high" />
            <tim:update tic:mediaUrl="../../../media/rsc/hamlet/videos/hamlet-trailer-rotgrid.mp4" tim:target="main_video" />
        </tl:par>
        
        <tl:par tl:end="master">
            <tl:sleep tl:dur="9" tl:prio="high" />
            <tim:update tic:mediaUrl="../../../media/rsc/hamlet/videos/hamlet-trailer.mp4" tim:target="main_video" />
        </tl:par>
        
        <tl:par tl:end="master">
            <tl:sleep tl:dur="3" tl:prio="high" />
            <tim:update tic:mediaUrl="../../../media/rsc/hamlet/videos/hamlet-trailer-rotgrid.mp4" tim:target="main_video" />
        </tl:par>
        
        <tl:par tl:end="master">
            <tl:sleep tl:dur="2" tl:prio="high" />
            <tim:update tic:mediaUrl="../../../media/rsc/hamlet/videos/hamlet-trailer.mp4" tim:target="main_video" />
        </tl:par>
        
        <tl:par tl:end="master">
            <tl:sleep tl:dur="5" tl:prio="high" />
            <tim:update tic:mediaUrl="../../../media/rsc/hamlet/videos/hamlet-trailer-rotgrid.mp4" tim:target="main_video" />
        </tl:par>
        
        <tl:par tl:end="master">
            <tl:sleep tl:dur="2" tl:prio="high" />
            <tim:update tic:mediaUrl="../../../media/rsc/hamlet/videos/hamlet-trailer.mp4" tim:target="main_video" />
        </tl:par>
        
        <tl:par tl:end="master">
            <tl:sleep tl:dur="2" tl:prio="high" />
            <tim:update tic:mediaUrl="../../../media/rsc/hamlet/videos/hamlet-trailer-rotgrid.mp4" tim:target="main_video" />
        </tl:par>
        
        <tl:par tl:end="master">
            <tl:sleep tl:dur="2" tl:prio="high" />
            <tim:update tic:mediaUrl="../../../media/rsc/hamlet/videos/hamlet-trailer.mp4" tim:target="main_video" />
        </tl:par>
        
        <tl:par tl:end="master">
            <tl:sleep tl:dur="3" tl:prio="high" />
            <tim:update tic:mediaUrl="../../../media/rsc/hamlet/videos/hamlet-trailer-rotgrid.mp4" tim:target="main_video" />
        </tl:par>
        
        <tl:par tl:end="master">
            <tl:sleep tl:dur="3" tl:prio="high" />
            <tim:update tic:mediaUrl="../../../media/rsc/hamlet/videos/hamlet-trailer.mp4" tim:target="main_video" />
        </tl:par>
        
        <tl:par tl:end="master">
            <tl:sleep tl:dur="6" tl:prio="high" />
            <tim:update tic:mediaUrl="../../../media/rsc/hamlet/videos/hamlet-trailer-rotgrid.mp4" tim:target="main_video" />
        </tl:par>
        
        <tl:par tl:end="master">
            <tl:sleep tl:dur="4" tl:prio="high" />
            <tim:update tic:mediaUrl="../../../media/rsc/hamlet/videos/hamlet-trailer.mp4" tim:target="main_video" />
        </tl:par>
        
        <tl:par tl:end="master">
            <tl:sleep tl:dur="3" tl:prio="high" />
            <tim:update tic:mediaUrl="../../../media/rsc/hamlet/videos/hamlet-trailer-rotgrid.mp4" tim:target="main_video" />
        </tl:par>
        
        <tl:par tl:end="master">
            <tl:sleep tl:dur="3" tl:prio="high" />
            <tim:update tic:mediaUrl="../../../media/rsc/hamlet/videos/hamlet-trailer.mp4" tim:target="main_video" />
        </tl:par>
        
        <tl:par tl:end="master">
            <tl:sleep tl:dur="4" tl:prio="high" />
            <tim:update tic:mediaUrl="../../../media/rsc/hamlet/videos/hamlet-trailer-rotgrid.mp4" tim:target="main_video" />
        </tl:par>
        
        <tl:par tl:end="master">
            <tl:sleep tl:dur="1" tl:prio="high" />
            <tim:update tic:mediaUrl="../../../media/rsc/hamlet/videos/hamlet-trailer.mp4" tim:target="main_video" />
        </tl:par>
        
        
        <tl:sleep tl:dur="1" />
    </tl:seq>

  </tl:par>

</tl:document>