{'timestamp': 0, 'verb': 'init', 'event': 'RUN', 'args': ''}
{'timestamp': 0, 'verb': 'start', 'event': 'RUN', 'args': ''}
{'timestamp': 0, 'verb': 'START', 'event': '>', 'args': "/document/par/ref {'class': 'video'} {'syncMode': 'master', 'mediaUrl': '//origin.platform.2immerse.eu/media/rsc/hamlet/videos/hamlet-trailer/manifest.mpd'}"}
{'timestamp': 42.345, 'verb': 'finished', 'event': '<', 'args': '/document/par/ref'}
{'timestamp': 42.345, 'verb': 'STOP', 'event': '>', 'args': '/document/par/ref'}
{'timestamp': 42.345, 'verb': 'stop', 'event': 'RUN', 'args': ''}
{'timestamp': 42.345, 'verb': 'done', 'event': 'RUN', 'args': ''}
