{'timestamp': 0, 'verb': u'goto', 'event': u'FFWD', 'args': (u'#t=60.000000', u'(underlyingClock=0.000000)')}
{'timestamp': 0, 'verb': u'init', 'event': u'RUN', 'args': ()}
{'timestamp': 0, 'verb': u'start', 'event': u'RUN', 'args': ()}
{'timestamp': 58.0, 'verb': u'reached', 'event': u'FFWD', 'args': (u'#t=58.000000', u'(underlyingClock=58.000000)')}
{'timestamp': 60.0, 'verb': u'nudge', 'event': u'FFWD', 'args': (u'#t=60.000000', u'(underlyingClock=58.000000)')}
{'timestamp': 60.0, 'verb': u'reposition', 'event': u'FFWD', 'args': (u'delta-t=-60.000000', u'(underlyingClock=0.000000)')}
{'timestamp': 60.0, 'verb': u'START', 'event': u'>', 'args': (u'/document/par/ref', {'class': 'video'}, {'syncMode': 'master', 'preserveMediaTime': 'true', 'mediaUrl': '../../../media/rsc/hamlet/videos/hamlet-trailer-rotgrid.mp4'})}
{'timestamp': 60.0, 'verb': u'UPDATE', 'event': u'>', 'args': (u'/document/par/seq/par[16]/{http://jackjansen.nl/2immerse}update', 'main_video', {'mediaUrl': '../../../media/rsc/hamlet/videos/hamlet-trailer.mp4'})}
{'timestamp': 60.0, 'verb': u'done', 'event': u'FFWD', 'args': (u'(underlyingClock=0.000000)',)}
{'timestamp': 61.0, 'verb': u'UPDATE', 'event': u'>', 'args': (u'/document/par/seq/par[17]/{http://jackjansen.nl/2immerse}update', 'main_video', {'mediaUrl': '../../../media/rsc/hamlet/videos/hamlet-trailer-rotgrid.mp4'})}
{'timestamp': 67.0, 'verb': u'UPDATE', 'event': u'>', 'args': (u'/document/par/seq/par[18]/{http://jackjansen.nl/2immerse}update', 'main_video', {'mediaUrl': '../../../media/rsc/hamlet/videos/hamlet-trailer.mp4'})}
{'timestamp': 71.0, 'verb': u'UPDATE', 'event': u'>', 'args': (u'/document/par/seq/par[19]/{http://jackjansen.nl/2immerse}update', 'main_video', {'mediaUrl': '../../../media/rsc/hamlet/videos/hamlet-trailer-rotgrid.mp4'})}
{'timestamp': 74.0, 'verb': u'UPDATE', 'event': u'>', 'args': (u'/document/par/seq/par[20]/{http://jackjansen.nl/2immerse}update', 'main_video', {'mediaUrl': '../../../media/rsc/hamlet/videos/hamlet-trailer.mp4'})}
{'timestamp': 77.0, 'verb': u'UPDATE', 'event': u'>', 'args': (u'/document/par/seq/par[21]/{http://jackjansen.nl/2immerse}update', 'main_video', {'mediaUrl': '../../../media/rsc/hamlet/videos/hamlet-trailer-rotgrid.mp4'})}
{'timestamp': 81.0, 'verb': u'finished', 'event': u'<', 'args': (u'/document/par/ref',)}
{'timestamp': 81.0, 'verb': u'finished', 'event': u'<', 'args': (u'/document/par/ref',)}
{'timestamp': 81.0, 'verb': u'UPDATE', 'event': u'>', 'args': (u'/document/par/seq/par[22]/{http://jackjansen.nl/2immerse}update', 'main_video', {'mediaUrl': '../../../media/rsc/hamlet/videos/hamlet-trailer.mp4'})}
{'timestamp': 83.0, 'verb': u'STOP', 'event': u'>', 'args': (u'/document/par/ref',)}
{'timestamp': 83.0, 'verb': u'stop', 'event': u'RUN', 'args': ()}
{'timestamp': 83.0, 'verb': u'done', 'event': u'RUN', 'args': ()}
