{'timestamp': 0, 'verb': u'init', 'event': u'RUN', 'args': ()}
{'timestamp': 0, 'verb': u'start', 'event': u'RUN', 'args': ()}
{'timestamp': 0, 'verb': u'START', 'event': u'>', 'args': (u'/document/par/ref', {'class': 'video'}, {'syncMode': 'master', 'mediaUrl': '../../../media/rsc/hamlet/videos/hamlet-trailer.mp4'})}
{'timestamp': 0, 'verb': u'START', 'event': u'>', 'args': (u'/document/par/ref[2]', {'class': 'video'}, {'mediaUrl': '../../../media/rsc/hamlet/videos/hamlet-trailer.mp4'})}
{'timestamp': 81.0, 'verb': u'finished', 'event': u'<', 'args': (u'/document/par/ref',)}
{'timestamp': 81.0, 'verb': u'finished', 'event': u'<', 'args': (u'/document/par/ref[2]',)}
{'timestamp': 81.0, 'verb': u'STOP', 'event': u'>', 'args': (u'/document/par/ref',)}
{'timestamp': 81.0, 'verb': u'STOP', 'event': u'>', 'args': (u'/document/par/ref[2]',)}
{'timestamp': 81.0, 'verb': u'stop', 'event': u'RUN', 'args': ()}
{'timestamp': 81.0, 'verb': u'done', 'event': u'RUN', 'args': ()}
