<?xml version='1.0' encoding='utf8'?>
<tl:document xmlns:tic="http://jackjansen.nl/2immerse/component" xmlns:tim="http://jackjansen.nl/2immerse" xmlns:tl="http://jackjansen.nl/timelines" xmlns:tlcheck="http://jackjansen.nl/timelines/check" xmlns:tls="http://jackjansen.nl/timelines/internal" tls:slavedProgress="0" tls:state="initing">
    <tl:par tls:slavedProgress="0" tls:state="initing" tl:end="master">
        <tl:ref tic:mediaUrl="../media/bunny.mp4" tic:syncMode="master" tim:class="video" tlcheck:dur="81" tls:state="initing" xml:id="masterVideo" />
    </tl:par>
</tl:document>