{'timestamp': 0, 'verb': u'goto', 'event': u'FFWD', 'args': (u'#t=60.000000', u'(underlyingClock=0.000000)')}
{'timestamp': 0, 'verb': u'init', 'event': u'RUN', 'args': ()}
{'timestamp': 0, 'verb': u'start', 'event': u'RUN', 'args': ()}
{'timestamp': 5.0, 'verb': u'reached', 'event': u'FFWD', 'args': (u'#t=5.000000', u'(underlyingClock=5.000000)')}
{'timestamp': 60.0, 'verb': u'nudge', 'event': u'FFWD', 'args': (u'#t=60.000000', u'(underlyingClock=5.000000)')}
{'timestamp': 60.0, 'verb': u'reposition', 'event': u'FFWD', 'args': (u'delta-t=-60.000000', u'(underlyingClock=0.000000)')}
{'timestamp': 60.0, 'verb': u'START', 'event': u'>', 'args': (u'/document/par/ref', {'constraintId': 'overlayTL', 'class': 'video'}, {'syncMode': 'master', 'mediaUrl': '../../../media/rsc/hamlet/videos/hamlet-trailer.mp4'})}
{'timestamp': 60.0, 'verb': u'START', 'event': u'>', 'args': (u'/document/par/ref[2]', {'url': '/dmapp-components/scroll-text/scroll-text.html', 'constraintId': 'stage', 'class': 'scroll-text'}, {'scriptUrl': '../media/trailer-description.json'})}
{'timestamp': 60.0, 'verb': u'UPDATE', 'event': u'>', 'args': (u'/document/par/seq/{http://jackjansen.nl/2immerse}update', 'main_video', {})}
{'timestamp': 60.0, 'verb': u'done', 'event': u'FFWD', 'args': (u'(underlyingClock=0.000000)',)}
{'timestamp': 65.0, 'verb': u'UPDATE', 'event': u'>', 'args': (u'/document/par/seq/{http://jackjansen.nl/2immerse}update[2]', 'main_video', {})}
{'timestamp': 70.0, 'verb': u'UPDATE', 'event': u'>', 'args': (u'/document/par/seq/{http://jackjansen.nl/2immerse}update[3]', 'main_video', {})}
{'timestamp': 75.0, 'verb': u'UPDATE', 'event': u'>', 'args': (u'/document/par/seq/{http://jackjansen.nl/2immerse}update[4]', 'main_video', {})}
{'timestamp': 80.0, 'verb': u'UPDATE', 'event': u'>', 'args': (u'/document/par/seq/{http://jackjansen.nl/2immerse}update[5]', 'main_video', {})}
{'timestamp': 81.0, 'verb': u'finished', 'event': u'<', 'args': (u'/document/par/ref',)}
{'timestamp': 81.0, 'verb': u'finished', 'event': u'<', 'args': (u'/document/par/ref',)}
{'timestamp': 81.0, 'verb': u'finished', 'event': u'<', 'args': (u'/document/par/ref[2]',)}
{'timestamp': 85.0, 'verb': u'UPDATE', 'event': u'>', 'args': (u'/document/par/seq/{http://jackjansen.nl/2immerse}update[6]', 'main_video', {})}
{'timestamp': 90.0, 'verb': u'UPDATE', 'event': u'>', 'args': (u'/document/par/seq/{http://jackjansen.nl/2immerse}update[7]', 'main_video', {})}
{'timestamp': 95.0, 'verb': u'UPDATE', 'event': u'>', 'args': (u'/document/par/seq/{http://jackjansen.nl/2immerse}update[8]', 'main_video', {})}
{'timestamp': 100.0, 'verb': u'UPDATE', 'event': u'>', 'args': (u'/document/par/seq/{http://jackjansen.nl/2immerse}update[9]', 'main_video', {})}
{'timestamp': 105.0, 'verb': u'UPDATE', 'event': u'>', 'args': (u'/document/par/seq/{http://jackjansen.nl/2immerse}update[10]', 'main_video', {})}
{'timestamp': 110.0, 'verb': u'UPDATE', 'event': u'>', 'args': (u'/document/par/seq/{http://jackjansen.nl/2immerse}update[11]', 'main_video', {})}
{'timestamp': 115.0, 'verb': u'UPDATE', 'event': u'>', 'args': (u'/document/par/seq/{http://jackjansen.nl/2immerse}update[12]', 'main_video', {})}
{'timestamp': 115.0, 'verb': u'STOP', 'event': u'>', 'args': (u'/document/par/ref',)}
{'timestamp': 115.0, 'verb': u'STOP', 'event': u'>', 'args': (u'/document/par/ref[2]',)}
{'timestamp': 115.0, 'verb': u'stop', 'event': u'RUN', 'args': ()}
{'timestamp': 115.0, 'verb': u'done', 'event': u'RUN', 'args': ()}
