{'timestamp': 0, 'verb': u'goto', 'event': u'FFWD', 'args': (u'#t=60.000000', u'(underlyingClock=0.000000)')}
{'timestamp': 0, 'verb': u'init', 'event': u'RUN', 'args': ()}
{'timestamp': 0, 'verb': u'start', 'event': u'RUN', 'args': ()}
{'timestamp': 0, 'verb': u'reached', 'event': u'FFWD', 'args': (u'#t=0.000000', u'(underlyingClock=0.000000)')}
{'timestamp': 60.0, 'verb': u'nudge', 'event': u'FFWD', 'args': (u'#t=60.000000', u'(underlyingClock=0.000000)')}
{'timestamp': 60.0, 'verb': u'reposition', 'event': u'FFWD', 'args': (u'delta-t=-60.000000', u'(underlyingClock=0.000000)')}
{'timestamp': 60.0, 'verb': u'START', 'event': u'>', 'args': (u'/document/par/ref', {'class': 'video'}, {'syncMode': 'master', 'mediaUrl': '../media/bunny.mp4'})}
{'timestamp': 60.0, 'verb': u'done', 'event': u'FFWD', 'args': (u'(underlyingClock=0.000000)',)}
{'timestamp': 81.0, 'verb': u'finished', 'event': u'<', 'args': (u'/document/par/ref',)}
{'timestamp': 81.0, 'verb': u'finished', 'event': u'<', 'args': (u'/document/par/ref',)}
{'timestamp': 81.0, 'verb': u'STOP', 'event': u'>', 'args': (u'/document/par/ref',)}
{'timestamp': 81.0, 'verb': u'stop', 'event': u'RUN', 'args': ()}
{'timestamp': 81.0, 'verb': u'done', 'event': u'RUN', 'args': ()}
